// Jest Snapshot v1, https://goo.gl/fbAQLP

exports[`<DummyPage> should render and match the snapshot 1`] = `
<div
  class="sc-bwzfXH jvOKKu"
>
  <p
    class="sc-bdVaJa cEOfIf"
  >
    Foo...
     clicked
    <span
      class="counter"
    >
      0
    </span>
     times
  </p>
</div>
`;
